\BOOKMARK [1][-]{Section.0.Introduction.1}{\376\377\000I\000n\000t\000r\000o\000d\000u\000c\000t\000i\000o\000n}{}% 1
\BOOKMARK [2][-]{Subsection.1.0.The reproducibility crisis in statistical analysis.2}{\376\377\000T\000h\000e\000\040\000r\000e\000p\000r\000o\000d\000u\000c\000i\000b\000i\000l\000i\000t\000y\000\040\000c\000r\000i\000s\000i\000s\000\040\000i\000n\000\040\000s\000t\000a\000t\000i\000s\000t\000i\000c\000a\000l\000\040\000a\000n\000a\000l\000y\000s\000i\000s}{Section.0.Introduction.1}% 2
\BOOKMARK [2][-]{Subsection.1.1.The inadequacy of current solutions.2}{\376\377\000T\000h\000e\000\040\000i\000n\000a\000d\000e\000q\000u\000a\000c\000y\000\040\000o\000f\000\040\000c\000u\000r\000r\000e\000n\000t\000\040\000s\000o\000l\000u\000t\000i\000o\000n\000s}{Section.0.Introduction.1}% 3
\BOOKMARK [2][-]{Subsection.1.2.A different approach: Mandatory validation.2}{\376\377\000A\000\040\000d\000i\000f\000f\000e\000r\000e\000n\000t\000\040\000a\000p\000p\000r\000o\000a\000c\000h\000:\000\040\000M\000a\000n\000d\000a\000t\000o\000r\000y\000\040\000v\000a\000l\000i\000d\000a\000t\000i\000o\000n}{Section.0.Introduction.1}% 4
\BOOKMARK [2][-]{Subsection.1.3.Additional contributions.2}{\376\377\000A\000d\000d\000i\000t\000i\000o\000n\000a\000l\000\040\000c\000o\000n\000t\000r\000i\000b\000u\000t\000i\000o\000n\000s}{Section.0.Introduction.1}% 5
\BOOKMARK [2][-]{Subsection.1.4.Contributions of this paper.2}{\376\377\000C\000o\000n\000t\000r\000i\000b\000u\000t\000i\000o\000n\000s\000\040\000o\000f\000\040\000t\000h\000i\000s\000\040\000p\000a\000p\000e\000r}{Section.0.Introduction.1}% 6
\BOOKMARK [2][-]{Subsection.1.5.Paper organization.2}{\376\377\000P\000a\000p\000e\000r\000\040\000o\000r\000g\000a\000n\000i\000z\000a\000t\000i\000o\000n}{Section.0.Introduction.1}% 7
\BOOKMARK [1][-]{Section.1.Related work.1}{\376\377\000R\000e\000l\000a\000t\000e\000d\000\040\000w\000o\000r\000k}{}% 8
\BOOKMARK [2][-]{Subsection.2.0.Existing statistical software.2}{\376\377\000E\000x\000i\000s\000t\000i\000n\000g\000\040\000s\000t\000a\000t\000i\000s\000t\000i\000c\000a\000l\000\040\000s\000o\000f\000t\000w\000a\000r\000e}{Section.1.Related work.1}% 9
\BOOKMARK [2][-]{Subsection.2.1.Comparison with existing platforms.2}{\376\377\000C\000o\000m\000p\000a\000r\000i\000s\000o\000n\000\040\000w\000i\000t\000h\000\040\000e\000x\000i\000s\000t\000i\000n\000g\000\040\000p\000l\000a\000t\000f\000o\000r\000m\000s}{Section.1.Related work.1}% 10
\BOOKMARK [2][-]{Subsection.2.2.The optional validation problem.2}{\376\377\000T\000h\000e\000\040\000o\000p\000t\000i\000o\000n\000a\000l\000\040\000v\000a\000l\000i\000d\000a\000t\000i\000o\000n\000\040\000p\000r\000o\000b\000l\000e\000m}{Section.1.Related work.1}% 11
\BOOKMARK [2][-]{Subsection.2.3.Related approaches to improving statistical practice.2}{\376\377\000R\000e\000l\000a\000t\000e\000d\000\040\000a\000p\000p\000r\000o\000a\000c\000h\000e\000s\000\040\000t\000o\000\040\000i\000m\000p\000r\000o\000v\000i\000n\000g\000\040\000s\000t\000a\000t\000i\000s\000t\000i\000c\000a\000l\000\040\000p\000r\000a\000c\000t\000i\000c\000e}{Section.1.Related work.1}% 12
\BOOKMARK [1][-]{Section.2.System architecture.1}{\376\377\000S\000y\000s\000t\000e\000m\000\040\000a\000r\000c\000h\000i\000t\000e\000c\000t\000u\000r\000e}{}% 13
\BOOKMARK [2][-]{Subsection.3.0.Technology stack.2}{\376\377\000T\000e\000c\000h\000n\000o\000l\000o\000g\000y\000\040\000s\000t\000a\000c\000k}{Section.2.System architecture.1}% 14
\BOOKMARK [2][-]{Subsection.3.1.Guardian integration architecture.2}{\376\377\000G\000u\000a\000r\000d\000i\000a\000n\000\040\000i\000n\000t\000e\000g\000r\000a\000t\000i\000o\000n\000\040\000a\000r\000c\000h\000i\000t\000e\000c\000t\000u\000r\000e}{Section.2.System architecture.1}% 15
\BOOKMARK [2][-]{Subsection.3.2.Frontend Guardian components.2}{\376\377\000F\000r\000o\000n\000t\000e\000n\000d\000\040\000G\000u\000a\000r\000d\000i\000a\000n\000\040\000c\000o\000m\000p\000o\000n\000e\000n\000t\000s}{Section.2.System architecture.1}% 16
\BOOKMARK [2][-]{Subsection.3.3.API design.2}{\376\377\000A\000P\000I\000\040\000d\000e\000s\000i\000g\000n}{Section.2.System architecture.1}% 17
\BOOKMARK [1][-]{Section.3.The Guardian system.1}{\376\377\000T\000h\000e\000\040\000G\000u\000a\000r\000d\000i\000a\000n\000\040\000s\000y\000s\000t\000e\000m}{}% 18
\BOOKMARK [2][-]{Subsection.4.0.Design principles.2}{\376\377\000D\000e\000s\000i\000g\000n\000\040\000p\000r\000i\000n\000c\000i\000p\000l\000e\000s}{Section.3.The Guardian system.1}% 19
\BOOKMARK [2][-]{Subsection.4.1.Algorithm overview.2}{\376\377\000A\000l\000g\000o\000r\000i\000t\000h\000m\000\040\000o\000v\000e\000r\000v\000i\000e\000w}{Section.3.The Guardian system.1}% 20
\BOOKMARK [2][-]{Subsection.4.2.Test-assumption mapping.2}{\376\377\000T\000e\000s\000t\000-\000a\000s\000s\000u\000m\000p\000t\000i\000o\000n\000\040\000m\000a\000p\000p\000i\000n\000g}{Section.3.The Guardian system.1}% 21
\BOOKMARK [2][-]{Subsection.4.3.Implemented validators.2}{\376\377\000I\000m\000p\000l\000e\000m\000e\000n\000t\000e\000d\000\040\000v\000a\000l\000i\000d\000a\000t\000o\000r\000s}{Section.3.The Guardian system.1}% 22
\BOOKMARK [3][-]{Subsubsection.4.4.0.Normality Validator.3}{\376\377\000N\000o\000r\000m\000a\000l\000i\000t\000y\000\040\000V\000a\000l\000i\000d\000a\000t\000o\000r}{Subsection.4.3.Implemented validators.2}% 23
\BOOKMARK [3][-]{Subsubsection.4.4.1.Variance Homogeneity Validator.3}{\376\377\000V\000a\000r\000i\000a\000n\000c\000e\000\040\000H\000o\000m\000o\000g\000e\000n\000e\000i\000t\000y\000\040\000V\000a\000l\000i\000d\000a\000t\000o\000r}{Subsection.4.3.Implemented validators.2}% 24
\BOOKMARK [3][-]{Subsubsection.4.4.2.Independence Validator.3}{\376\377\000I\000n\000d\000e\000p\000e\000n\000d\000e\000n\000c\000e\000\040\000V\000a\000l\000i\000d\000a\000t\000o\000r}{Subsection.4.3.Implemented validators.2}% 25
\BOOKMARK [3][-]{Subsubsection.4.4.3.Outlier Detector.3}{\376\377\000O\000u\000t\000l\000i\000e\000r\000\040\000D\000e\000t\000e\000c\000t\000o\000r}{Subsection.4.3.Implemented validators.2}% 26
\BOOKMARK [3][-]{Subsubsection.4.4.4.Sample Size Validator.3}{\376\377\000S\000a\000m\000p\000l\000e\000\040\000S\000i\000z\000e\000\040\000V\000a\000l\000i\000d\000a\000t\000o\000r}{Subsection.4.3.Implemented validators.2}% 27
\BOOKMARK [3][-]{Subsubsection.4.4.5.Modality Detector.3}{\376\377\000M\000o\000d\000a\000l\000i\000t\000y\000\040\000D\000e\000t\000e\000c\000t\000o\000r}{Subsection.4.3.Implemented validators.2}% 28
\BOOKMARK [3][-]{Subsubsection.4.4.6.Linearity Validator.3}{\376\377\000L\000i\000n\000e\000a\000r\000i\000t\000y\000\040\000V\000a\000l\000i\000d\000a\000t\000o\000r}{Subsection.4.3.Implemented validators.2}% 29
\BOOKMARK [3][-]{Subsubsection.4.4.7.Homoscedasticity Validator.3}{\376\377\000H\000o\000m\000o\000s\000c\000e\000d\000a\000s\000t\000i\000c\000i\000t\000y\000\040\000V\000a\000l\000i\000d\000a\000t\000o\000r}{Subsection.4.3.Implemented validators.2}% 30
\BOOKMARK [2][-]{Subsection.4.4.Confidence score calculation.2}{\376\377\000C\000o\000n\000f\000i\000d\000e\000n\000c\000e\000\040\000s\000c\000o\000r\000e\000\040\000c\000a\000l\000c\000u\000l\000a\000t\000i\000o\000n}{Section.3.The Guardian system.1}% 31
\BOOKMARK [2][-]{Subsection.4.5.Alternative test recommendation.2}{\376\377\000A\000l\000t\000e\000r\000n\000a\000t\000i\000v\000e\000\040\000t\000e\000s\000t\000\040\000r\000e\000c\000o\000m\000m\000e\000n\000d\000a\000t\000i\000o\000n}{Section.3.The Guardian system.1}% 32
\BOOKMARK [1][-]{Section.4.AI Statistical Advisor.1}{\376\377\000A\000I\000\040\000S\000t\000a\000t\000i\000s\000t\000i\000c\000a\000l\000\040\000A\000d\000v\000i\000s\000o\000r}{}% 33
\BOOKMARK [2][-]{Subsection.5.0.Architecture and components.2}{\376\377\000A\000r\000c\000h\000i\000t\000e\000c\000t\000u\000r\000e\000\040\000a\000n\000d\000\040\000c\000o\000m\000p\000o\000n\000e\000n\000t\000s}{Section.4.AI Statistical Advisor.1}% 34
\BOOKMARK [2][-]{Subsection.5.1.Knowledge base design.2}{\376\377\000K\000n\000o\000w\000l\000e\000d\000g\000e\000\040\000b\000a\000s\000e\000\040\000d\000e\000s\000i\000g\000n}{Section.4.AI Statistical Advisor.1}% 35
\BOOKMARK [2][-]{Subsection.5.2.Methods section compliance.2}{\376\377\000M\000e\000t\000h\000o\000d\000s\000\040\000s\000e\000c\000t\000i\000o\000n\000\040\000c\000o\000m\000p\000l\000i\000a\000n\000c\000e}{Section.4.AI Statistical Advisor.1}% 36
\BOOKMARK [1][-]{Section.5.Paper Parser.1}{\376\377\000P\000a\000p\000e\000r\000\040\000P\000a\000r\000s\000e\000r}{}% 37
\BOOKMARK [2][-]{Subsection.6.0.Functionality.2}{\376\377\000F\000u\000n\000c\000t\000i\000o\000n\000a\000l\000i\000t\000y}{Section.5.Paper Parser.1}% 38
\BOOKMARK [2][-]{Subsection.6.1.Rule database.2}{\376\377\000R\000u\000l\000e\000\040\000d\000a\000t\000a\000b\000a\000s\000e}{Section.5.Paper Parser.1}% 39
\BOOKMARK [2][-]{Subsection.6.2.Output format.2}{\376\377\000O\000u\000t\000p\000u\000t\000\040\000f\000o\000r\000m\000a\000t}{Section.5.Paper Parser.1}% 40
\BOOKMARK [2][-]{Subsection.6.3.Statistical Debugger.2}{\376\377\000S\000t\000a\000t\000i\000s\000t\000i\000c\000a\000l\000\040\000D\000e\000b\000u\000g\000g\000e\000r}{Section.5.Paper Parser.1}% 41
\BOOKMARK [1][-]{Section.6.Code examples.1}{\376\377\000C\000o\000d\000e\000\040\000e\000x\000a\000m\000p\000l\000e\000s}{}% 42
\BOOKMARK [2][-]{Subsection.7.0.Basic API usage with Python.2}{\376\377\000B\000a\000s\000i\000c\000\040\000A\000P\000I\000\040\000u\000s\000a\000g\000e\000\040\000w\000i\000t\000h\000\040\000P\000y\000t\000h\000o\000n}{Section.6.Code examples.1}% 43
\BOOKMARK [2][-]{Subsection.7.1.Response structure.2}{\376\377\000R\000e\000s\000p\000o\000n\000s\000e\000\040\000s\000t\000r\000u\000c\000t\000u\000r\000e}{Section.6.Code examples.1}% 44
\BOOKMARK [2][-]{Subsection.7.2.Handling violations.2}{\376\377\000H\000a\000n\000d\000l\000i\000n\000g\000\040\000v\000i\000o\000l\000a\000t\000i\000o\000n\000s}{Section.6.Code examples.1}% 45
\BOOKMARK [2][-]{Subsection.7.3.ANOVA with post-hoc analysis.2}{\376\377\000A\000N\000O\000V\000A\000\040\000w\000i\000t\000h\000\040\000p\000o\000s\000t\000-\000h\000o\000c\000\040\000a\000n\000a\000l\000y\000s\000i\000s}{Section.6.Code examples.1}% 46
\BOOKMARK [2][-]{Subsection.7.4.Correlation analysis.2}{\376\377\000C\000o\000r\000r\000e\000l\000a\000t\000i\000o\000n\000\040\000a\000n\000a\000l\000y\000s\000i\000s}{Section.6.Code examples.1}% 47
\BOOKMARK [2][-]{Subsection.7.5.Batch analysis.2}{\376\377\000B\000a\000t\000c\000h\000\040\000a\000n\000a\000l\000y\000s\000i\000s}{Section.6.Code examples.1}% 48
\BOOKMARK [1][-]{Section.7.High-precision computing.1}{\376\377\000H\000i\000g\000h\000-\000p\000r\000e\000c\000i\000s\000i\000o\000n\000\040\000c\000o\000m\000p\000u\000t\000i\000n\000g}{}% 49
\BOOKMARK [2][-]{Subsection.8.0.Motivation.2}{\376\377\000M\000o\000t\000i\000v\000a\000t\000i\000o\000n}{Section.7.High-precision computing.1}% 50
\BOOKMARK [2][-]{Subsection.8.1.Implementation.2}{\376\377\000I\000m\000p\000l\000e\000m\000e\000n\000t\000a\000t\000i\000o\000n}{Section.7.High-precision computing.1}% 51
\BOOKMARK [2][-]{Subsection.8.2.Performance considerations.2}{\376\377\000P\000e\000r\000f\000o\000r\000m\000a\000n\000c\000e\000\040\000c\000o\000n\000s\000i\000d\000e\000r\000a\000t\000i\000o\000n\000s}{Section.7.High-precision computing.1}% 52
\BOOKMARK [2][-]{Subsection.8.3.Validation of precision.2}{\376\377\000V\000a\000l\000i\000d\000a\000t\000i\000o\000n\000\040\000o\000f\000\040\000p\000r\000e\000c\000i\000s\000i\000o\000n}{Section.7.High-precision computing.1}% 53
\BOOKMARK [1][-]{Section.8.Validation.1}{\376\377\000V\000a\000l\000i\000d\000a\000t\000i\000o\000n}{}% 54
\BOOKMARK [2][-]{Subsection.9.0.Reference implementations.2}{\376\377\000R\000e\000f\000e\000r\000e\000n\000c\000e\000\040\000i\000m\000p\000l\000e\000m\000e\000n\000t\000a\000t\000i\000o\000n\000s}{Section.8.Validation.1}% 55
\BOOKMARK [2][-]{Subsection.9.1.Statistical test validation.2}{\376\377\000S\000t\000a\000t\000i\000s\000t\000i\000c\000a\000l\000\040\000t\000e\000s\000t\000\040\000v\000a\000l\000i\000d\000a\000t\000i\000o\000n}{Section.8.Validation.1}% 56
\BOOKMARK [2][-]{Subsection.9.2.Guardian validator validation.2}{\376\377\000G\000u\000a\000r\000d\000i\000a\000n\000\040\000v\000a\000l\000i\000d\000a\000t\000o\000r\000\040\000v\000a\000l\000i\000d\000a\000t\000i\000o\000n}{Section.8.Validation.1}% 57
\BOOKMARK [2][-]{Subsection.9.3.Edge case handling.2}{\376\377\000E\000d\000g\000e\000\040\000c\000a\000s\000e\000\040\000h\000a\000n\000d\000l\000i\000n\000g}{Section.8.Validation.1}% 58
\BOOKMARK [2][-]{Subsection.9.4.Reproducibility verification.2}{\376\377\000R\000e\000p\000r\000o\000d\000u\000c\000i\000b\000i\000l\000i\000t\000y\000\040\000v\000e\000r\000i\000f\000i\000c\000a\000t\000i\000o\000n}{Section.8.Validation.1}% 59
\BOOKMARK [2][-]{Subsection.9.5.Comprehensive test suite.2}{\376\377\000C\000o\000m\000p\000r\000e\000h\000e\000n\000s\000i\000v\000e\000\040\000t\000e\000s\000t\000\040\000s\000u\000i\000t\000e}{Section.8.Validation.1}% 60
\BOOKMARK [3][-]{Subsubsection.9.6.0.Backend tests (38 tests).3}{\376\377\000B\000a\000c\000k\000e\000n\000d\000\040\000t\000e\000s\000t\000s\000\040\000\050\0003\0008\000\040\000t\000e\000s\000t\000s\000\051}{Subsection.9.5.Comprehensive test suite.2}% 61
\BOOKMARK [3][-]{Subsubsection.9.6.1.Frontend tests (55 tests).3}{\376\377\000F\000r\000o\000n\000t\000e\000n\000d\000\040\000t\000e\000s\000t\000s\000\040\000\050\0005\0005\000\040\000t\000e\000s\000t\000s\000\051}{Subsection.9.5.Comprehensive test suite.2}% 62
\BOOKMARK [3][-]{Subsubsection.9.6.2.Running the test suite.3}{\376\377\000R\000u\000n\000n\000i\000n\000g\000\040\000t\000h\000e\000\040\000t\000e\000s\000t\000\040\000s\000u\000i\000t\000e}{Subsection.9.5.Comprehensive test suite.2}% 63
\BOOKMARK [1][-]{Section.9.Case studies.1}{\376\377\000C\000a\000s\000e\000\040\000s\000t\000u\000d\000i\000e\000s}{}% 64
\BOOKMARK [2][-]{Subsection.10.0.Case 1: Fisher's Iris dataset -- ANOVA assumptions.2}{\376\377\000C\000a\000s\000e\000\040\0001\000:\000\040\000F\000i\000s\000h\000e\000r\000'\000s\000\040\000I\000r\000i\000s\000\040\000d\000a\000t\000a\000s\000e\000t\000\040\040\023\000\040\000A\000N\000O\000V\000A\000\040\000a\000s\000s\000u\000m\000p\000t\000i\000o\000n\000s}{Section.9.Case studies.1}% 65
\BOOKMARK [2][-]{Subsection.10.1.Case 2: Wine Quality dataset -- Correlation assumptions.2}{\376\377\000C\000a\000s\000e\000\040\0002\000:\000\040\000W\000i\000n\000e\000\040\000Q\000u\000a\000l\000i\000t\000y\000\040\000d\000a\000t\000a\000s\000e\000t\000\040\040\023\000\040\000C\000o\000r\000r\000e\000l\000a\000t\000i\000o\000n\000\040\000a\000s\000s\000u\000m\000p\000t\000i\000o\000n\000s}{Section.9.Case studies.1}% 66
\BOOKMARK [2][-]{Subsection.10.2.Case 3: Simulated meta-analysis -- Publication bias.2}{\376\377\000C\000a\000s\000e\000\040\0003\000:\000\040\000S\000i\000m\000u\000l\000a\000t\000e\000d\000\040\000m\000e\000t\000a\000-\000a\000n\000a\000l\000y\000s\000i\000s\000\040\040\023\000\040\000P\000u\000b\000l\000i\000c\000a\000t\000i\000o\000n\000\040\000b\000i\000a\000s}{Section.9.Case studies.1}% 67
\BOOKMARK [2][-]{Subsection.10.3.Summary of case studies.2}{\376\377\000S\000u\000m\000m\000a\000r\000y\000\040\000o\000f\000\040\000c\000a\000s\000e\000\040\000s\000t\000u\000d\000i\000e\000s}{Section.9.Case studies.1}% 68
\BOOKMARK [2][-]{Subsection.10.4.Additional validation with classic datasets.2}{\376\377\000A\000d\000d\000i\000t\000i\000o\000n\000a\000l\000\040\000v\000a\000l\000i\000d\000a\000t\000i\000o\000n\000\040\000w\000i\000t\000h\000\040\000c\000l\000a\000s\000s\000i\000c\000\040\000d\000a\000t\000a\000s\000e\000t\000s}{Section.9.Case studies.1}% 69
\BOOKMARK [3][-]{Subsubsection.10.5.0.Regression: mtcars dataset.3}{\376\377\000R\000e\000g\000r\000e\000s\000s\000i\000o\000n\000:\000\040\000m\000t\000c\000a\000r\000s\000\040\000d\000a\000t\000a\000s\000e\000t}{Subsection.10.4.Additional validation with classic datasets.2}% 70
\BOOKMARK [3][-]{Subsubsection.10.5.1.Two-sample comparison: ToothGrowth dataset.3}{\376\377\000T\000w\000o\000-\000s\000a\000m\000p\000l\000e\000\040\000c\000o\000m\000p\000a\000r\000i\000s\000o\000n\000:\000\040\000T\000o\000o\000t\000h\000G\000r\000o\000w\000t\000h\000\040\000d\000a\000t\000a\000s\000e\000t}{Subsection.10.4.Additional validation with classic datasets.2}% 71
\BOOKMARK [3][-]{Subsubsection.10.5.2.ANOVA: PlantGrowth dataset.3}{\376\377\000A\000N\000O\000V\000A\000:\000\040\000P\000l\000a\000n\000t\000G\000r\000o\000w\000t\000h\000\040\000d\000a\000t\000a\000s\000e\000t}{Subsection.10.4.Additional validation with classic datasets.2}% 72
\BOOKMARK [2][-]{Subsection.10.5.Summary.2}{\376\377\000S\000u\000m\000m\000a\000r\000y}{Section.9.Case studies.1}% 73
\BOOKMARK [1][-]{Section.10.Discussion.1}{\376\377\000D\000i\000s\000c\000u\000s\000s\000i\000o\000n}{}% 74
\BOOKMARK [2][-]{Subsection.11.0.Contributions in context.2}{\376\377\000C\000o\000n\000t\000r\000i\000b\000u\000t\000i\000o\000n\000s\000\040\000i\000n\000\040\000c\000o\000n\000t\000e\000x\000t}{Section.10.Discussion.1}% 75
\BOOKMARK [2][-]{Subsection.11.1.Limitations.2}{\376\377\000L\000i\000m\000i\000t\000a\000t\000i\000o\000n\000s}{Section.10.Discussion.1}% 76
\BOOKMARK [3][-]{Subsubsection.11.2.0.Threshold dependence.3}{\376\377\000T\000h\000r\000e\000s\000h\000o\000l\000d\000\040\000d\000e\000p\000e\000n\000d\000e\000n\000c\000e}{Subsection.11.1.Limitations.2}% 77
\BOOKMARK [3][-]{Subsubsection.11.2.1.Assumption tests have assumptions.3}{\376\377\000A\000s\000s\000u\000m\000p\000t\000i\000o\000n\000\040\000t\000e\000s\000t\000s\000\040\000h\000a\000v\000e\000\040\000a\000s\000s\000u\000m\000p\000t\000i\000o\000n\000s}{Subsection.11.1.Limitations.2}% 78
\BOOKMARK [3][-]{Subsubsection.11.2.2.Power of assumption tests.3}{\376\377\000P\000o\000w\000e\000r\000\040\000o\000f\000\040\000a\000s\000s\000u\000m\000p\000t\000i\000o\000n\000\040\000t\000e\000s\000t\000s}{Subsection.11.1.Limitations.2}% 79
\BOOKMARK [3][-]{Subsubsection.11.2.3.Incomplete coverage.3}{\376\377\000I\000n\000c\000o\000m\000p\000l\000e\000t\000e\000\040\000c\000o\000v\000e\000r\000a\000g\000e}{Subsection.11.1.Limitations.2}% 80
\BOOKMARK [3][-]{Subsubsection.11.2.4.Expert Mode override.3}{\376\377\000E\000x\000p\000e\000r\000t\000\040\000M\000o\000d\000e\000\040\000o\000v\000e\000r\000r\000i\000d\000e}{Subsection.11.1.Limitations.2}% 81
\BOOKMARK [2][-]{Subsection.11.2.Comparison with alternative approaches.2}{\376\377\000C\000o\000m\000p\000a\000r\000i\000s\000o\000n\000\040\000w\000i\000t\000h\000\040\000a\000l\000t\000e\000r\000n\000a\000t\000i\000v\000e\000\040\000a\000p\000p\000r\000o\000a\000c\000h\000e\000s}{Section.10.Discussion.1}% 82
\BOOKMARK [2][-]{Subsection.11.3.Future work.2}{\376\377\000F\000u\000t\000u\000r\000e\000\040\000w\000o\000r\000k}{Section.10.Discussion.1}% 83
\BOOKMARK [1][-]{Section.11.Conclusion.1}{\376\377\000C\000o\000n\000c\000l\000u\000s\000i\000o\000n}{}% 84
